// Jest Snapshot v1, https://goo.gl/fbAQLP

exports[`renders correctly 1`] = `
<em>
  <ComponentFactory
    key="0"
    nodeData={
      Object {
        "position": Object {
          "start": Object {
            "line": 2,
          },
        },
        "type": "text",
        "value": "Step 3",
      }
    }
  />
</em>
`;
