// Jest Snapshot v1, https://goo.gl/fbAQLP

exports[`renders correctly 1`] = `
<figure
  class="css-73jyry-Figure e1afvbh00"
>
  <img
    alt="/images/firstcluster.png"
    class=""
    css="You have tried to stringify object returned from \`css\` function. It isn't supposed to be used directly (e.g. as value of the \`className\` prop), but rather handed to emotion so it can handle it (e.g. as value of \`css\` prop)."
    loading="lazy"
    src="/images/firstcluster.png"
  />
</figure>
`;

exports[`renders lightbox correctly when specified as an option 1`] = `
<figure
  class="css-73jyry-Figure e1afvbh00"
>
  <img
    alt="/images/firstcluster.png"
    class=""
    css="You have tried to stringify object returned from \`css\` function. It isn't supposed to be used directly (e.g. as value of the \`className\` prop), but rather handed to emotion so it can handle it (e.g. as value of \`css\` prop)."
    loading="lazy"
    src="/images/firstcluster.png"
  />
</figure>
`;
