// Jest Snapshot v1, https://goo.gl/fbAQLP

exports[`renders correctly 1`] = `
<P
  css={
    Object {
      "map": "/*# sourceMappingURL=data:application/json;charset=utf-8;base64,eyJ2ZXJzaW9uIjozLCJzb3VyY2VzIjpbIlBhcmFncmFwaC5qcyJdLCJuYW1lcyI6W10sIm1hcHBpbmdzIjoiQUFPeUIiLCJmaWxlIjoiUGFyYWdyYXBoLmpzIiwic291cmNlc0NvbnRlbnQiOlsiaW1wb3J0IFJlYWN0IGZyb20gJ3JlYWN0JztcbmltcG9ydCB7IGNzcyB9IGZyb20gJ0BlbW90aW9uL3JlYWN0JztcbmltcG9ydCBQcm9wVHlwZXMgZnJvbSAncHJvcC10eXBlcyc7XG5pbXBvcnQgQ29tcG9uZW50RmFjdG9yeSBmcm9tICcuL0NvbXBvbmVudEZhY3RvcnknO1xuaW1wb3J0IHsgUCB9IGZyb20gJy4vZGV2LWh1Yi90ZXh0JztcbmltcG9ydCB7IHNpemUgfSBmcm9tICcuL2Rldi1odWIvdGhlbWUnO1xuXG5jb25zdCBjb250ZW50U3R5bGVzID0gY3NzYFxuICAgIG1hcmdpbi1ib3R0b206ICR7c2l6ZS5hcnRpY2xlQ29udGVudH07XG5gO1xuXG5jb25zdCBTS0lQX1BfVEFHUyA9IFsnY2FwdGlvbicsICdsaXN0SXRlbScsICdsaXN0VGFibGUnLCAnZm9vdG5vdGUnXTtcblxuY29uc3QgUGFyYWdyYXBoID0gKHsgbm9kZURhdGEsIHBhcmVudE5vZGUsIC4uLnJlc3QgfSkgPT4ge1xuICAgIC8vIEZvciBwYXJhZ3JhcGggbm9kZXMgdGhhdCBhcHBlYXIgaW5zaWRlIGNlcnRhaW4gY29udGFpbmVycywgc2tpcCA8cD4gdGFncyBhbmQganVzdCByZW5kZXIgdGhlaXIgY29udGVudHNcbiAgICBpZiAoU0tJUF9QX1RBR1MuaW5jbHVkZXMocGFyZW50Tm9kZSkpIHtcbiAgICAgICAgcmV0dXJuIG5vZGVEYXRhLmNoaWxkcmVuLm1hcCgoZWxlbWVudCwgaW5kZXgpID0+IChcbiAgICAgICAgICAgIDxDb21wb25lbnRGYWN0b3J5IHsuLi5yZXN0fSBub2RlRGF0YT17ZWxlbWVudH0ga2V5PXtpbmRleH0gLz5cbiAgICAgICAgKSk7XG4gICAgfVxuICAgIHJldHVybiAoXG4gICAgICAgIDxQIGNzcz17Y29udGVudFN0eWxlc30+XG4gICAgICAgICAgICB7bm9kZURhdGEuY2hpbGRyZW4ubWFwKChlbGVtZW50LCBpbmRleCkgPT4gKFxuICAgICAgICAgICAgICAgIDxDb21wb25lbnRGYWN0b3J5IHsuLi5yZXN0fSBub2RlRGF0YT17ZWxlbWVudH0ga2V5PXtpbmRleH0gLz5cbiAgICAgICAgICAgICkpfVxuICAgICAgICA8L1A+XG4gICAgKTtcbn07XG5cblBhcmFncmFwaC5wcm9wVHlwZXMgPSB7XG4gICAgbm9kZURhdGE6IFByb3BUeXBlcy5zaGFwZSh7XG4gICAgICAgIGNoaWxkcmVuOiBQcm9wVHlwZXMuYXJyYXlPZihcbiAgICAgICAgICAgIFByb3BUeXBlcy5zaGFwZSh7XG4gICAgICAgICAgICAgICAgdHlwZTogUHJvcFR5cGVzLnN0cmluZy5pc1JlcXVpcmVkLFxuICAgICAgICAgICAgICAgIHZhbHVlOiBQcm9wVHlwZXMuc3RyaW5nLFxuICAgICAgICAgICAgfSlcbiAgICAgICAgKS5pc1JlcXVpcmVkLFxuICAgIH0pLmlzUmVxdWlyZWQsXG4gICAgcGFyZW50Tm9kZTogUHJvcFR5cGVzLnN0cmluZyxcbn07XG5cblBhcmFncmFwaC5kZWZhdWx0UHJvcHMgPSB7XG4gICAgcGFyZW50Tm9kZTogdW5kZWZpbmVkLFxufTtcblxuZXhwb3J0IGRlZmF1bHQgUGFyYWdyYXBoO1xuIl19 */",
      "name": "18jlv5f-contentStyles",
      "next": undefined,
      "styles": "margin-bottom:30px;;label:contentStyles;",
      "toString": [Function],
    }
  }
>
  <ComponentFactory
    key="0"
    nodeData={
      Object {
        "position": Object {
          "start": Object {
            "line": 0,
          },
        },
        "type": "text",
        "value": "Verify that MongoDB has started successfully by
checking the process output for the following line:",
      }
    }
  />
</P>
`;
