// Jest Snapshot v1, https://goo.gl/fbAQLP

exports[`PlayerListenOn renders correctly 1`] = `
<div
  class="css-16gyald-LogosContainer e1yciuf91"
>
  <a
    aria-label="google-podcasts"
    class="e1yciuf90 e1lzeyoj2 css-1vu42f7-StyledLink-linkStyling-AsLink-StyledButton-tertiaryStyles-StyledButton eygprlc0"
    href="https://podcasts.google.com/feed/aHR0cHM6Ly9tb25nb2RiLmxpYnN5bi5jb20vcnNz?sa=X&ved=2ahUKEwiE97rnkfDrAhU1n3IEHanUCRUQ9sEGegQIARAC"
    rel="noreferrer noopener"
    target="_blank"
  >
    <svg
      fill="none"
      height="30"
      width="148"
    >
      <title>
        Google podcasts
      </title>
      <path
        d="M2.87 11.94c-.92 0-1.66.74-1.66 1.66v1.81a1.66 1.66 0 103.33 0V13.6c0-.92-.75-1.66-1.67-1.66zM26.17 11.94c-.92 0-1.67.74-1.67 1.66v1.81a1.66 1.66 0 103.33 0V13.6c0-.92-.74-1.66-1.66-1.66zM8.62 17.38c-.92 0-1.66.74-1.66 1.66v1.81a1.66 1.66 0 103.33 0v-1.81c0-.92-.75-1.66-1.67-1.66zM8.62 6.5c-.92 0-1.66.74-1.66 1.66v5.93a1.66 1.66 0 003.32 0V8.16c0-.92-.74-1.66-1.66-1.66zM20.42 6.5c-.92 0-1.67.74-1.67 1.66v1.81a1.66 1.66 0 103.33 0V8.16c0-.92-.74-1.66-1.66-1.66zM14.52 1.2c-.92 0-1.66.75-1.66 1.67v1.81a1.66 1.66 0 103.32 0v-1.8c0-.93-.74-1.67-1.66-1.67zM14.52 22.67c-.92 0-1.66.74-1.66 1.66v1.81a1.66 1.66 0 103.32 0v-1.81c0-.92-.74-1.66-1.66-1.66zM20.42 13.3c-.92 0-1.67.74-1.67 1.66v5.9a1.66 1.66 0 103.33 0v-5.9c0-.92-.74-1.66-1.66-1.66zM16.18 9.67a1.66 1.66 0 10-3.32 0V19.34a1.66 1.66 0 103.32 0V9.67zM89.64 24.78v-4.4H92c.6 0 1.16-.13 1.68-.4.5-.27.92-.65 1.22-1.14.31-.48.46-1.03.46-1.64 0-.62-.15-1.16-.46-1.65-.3-.49-.71-.87-1.22-1.14a3.52 3.52 0 00-1.68-.4h-3.62v10.77h1.26zm2.4-5.61h-2.4v-3.94h2.4a1.97 1.97 0 011.77 1.02 1.9 1.9 0 010 1.9 1.97 1.97 0 01-1.78 1.02zm7.55 5.85a3.88 3.88 0 003.95-4.08c0-.75-.17-1.44-.5-2.06a3.8 3.8 0 00-3.45-2.02 3.88 3.88 0 00-3.94 4.08c0 .75.17 1.44.5 2.06a3.79 3.79 0 003.44 2.02zm0-1.16a2.62 2.62 0 01-2.3-1.37 3.13 3.13 0 01-.38-1.55c0-.59.13-1.1.37-1.55a2.6 2.6 0 012.31-1.37 2.58 2.58 0 012.3 1.37c.25.44.37.96.37 1.55 0 .6-.12 1.11-.37 1.55a2.61 2.61 0 01-2.3 1.37zm8.48 1.16a3.1 3.1 0 002.64-1.37h.06v1.13h1.22V14h-1.28v3.17l.06 1.07h-.06a3.1 3.1 0 00-2.64-1.38c-.68 0-1.3.17-1.86.52-.55.35-1 .84-1.32 1.46a4.49 4.49 0 00-.48 2.1c0 .77.16 1.47.48 2.09.33.62.77 1.1 1.32 1.45.56.35 1.18.53 1.86.53zm.15-1.16c-.44 0-.86-.12-1.25-.36s-.7-.59-.94-1.03a3.22 3.22 0 01-.35-1.53c0-.57.11-1.08.35-1.53.24-.44.55-.79.94-1.03a2.35 2.35 0 012.5 0c.4.25.7.59.94 1.03.24.44.36.95.36 1.53 0 .58-.12 1.1-.36 1.54-.23.44-.54.78-.93 1.02s-.8.36-1.26.36zm8.86 1.16c.82 0 1.52-.2 2.1-.59.57-.39 1-.9 1.25-1.53l-1.14-.48c-.2.46-.48.81-.87 1.06a2.54 2.54 0 01-3.61-1.02 3.17 3.17 0 01-.35-1.52c0-.57.11-1.08.35-1.52.24-.44.55-.78.94-1.03.4-.24.81-.37 1.27-.37.53 0 .98.13 1.36.37.38.25.66.6.85 1.08l1.16-.48a3.17 3.17 0 00-1.21-1.55 3.64 3.64 0 00-2.1-.58c-.75 0-1.41.18-2 .53-.6.35-1.06.84-1.4 1.46-.32.62-.49 1.32-.49 2.1 0 .76.17 1.46.5 2.08a3.73 3.73 0 003.39 1.99zm6.9 0a2.88 2.88 0 002.5-1.34h.05v1.1h1.22v-4.86c0-.94-.3-1.69-.9-2.24a3.5 3.5 0 00-2.46-.82 3.9 3.9 0 00-1.75.4c-.53.26-.94.62-1.24 1.08l.96.72c.21-.33.5-.59.86-.77.36-.19.76-.28 1.19-.28.61 0 1.12.17 1.52.52.4.34.6.8.6 1.37v.47a3.33 3.33 0 00-.9-.35c-.4-.1-.83-.15-1.3-.15-.93 0-1.7.23-2.31.69-.62.45-.92 1.09-.92 1.9a2.43 2.43 0 001.38 2.23c.44.22.94.33 1.5.33zm.13-1.13c-.5 0-.9-.13-1.22-.4-.32-.25-.48-.6-.48-1.01 0-.47.17-.84.53-1.13.36-.3.89-.44 1.59-.44.4 0 .76.05 1.11.15.36.1.65.23.9.4a2.5 2.5 0 01-1.22 2.1c-.38.22-.78.33-1.21.33zm7.81 1.13a4 4 0 001.54-.29c.46-.19.83-.46 1.1-.82a2 2 0 00.4-1.24c0-.54-.19-1-.57-1.37a3.66 3.66 0 00-1.7-.85l-1.11-.3a2.63 2.63 0 01-1-.42.83.83 0 01-.33-.68c0-.3.16-.55.48-.75.31-.2.68-.3 1.1-.3.88 0 1.48.35 1.82 1.03l1.12-.51c-.22-.52-.6-.93-1.12-1.22a3.66 3.66 0 00-1.8-.44c-.51 0-1 .1-1.43.28-.44.18-.8.43-1.06.77-.27.34-.4.73-.4 1.17 0 .57.2 1.03.58 1.4.4.36.9.61 1.5.76l.94.24c.59.14 1.01.31 1.28.5.27.2.4.46.4.78 0 .36-.16.64-.5.84-.34.2-.75.29-1.24.29a2.2 2.2 0 01-1.24-.38 2.3 2.3 0 01-.85-1.06l-1.15.5c.24.6.63 1.1 1.18 1.49.55.39 1.24.58 2.06.58zm7.11-.12c.24 0 .44-.02.6-.05.15-.03.3-.08.45-.15v-1.25c-.27.17-.55.26-.84.26-.36 0-.64-.11-.83-.33-.16-.2-.24-.51-.24-.93v-4.19h1.87v-1.15h-1.87v-2.17h-1.28v2.17h-1.34v1.15h1.34v4.5c0 .36.05.67.15.92a1.86 1.86 0 001.12 1.07c.27.1.56.15.87.15zm5.18.12a4 4 0 001.54-.29c.46-.19.82-.46 1.1-.82a2 2 0 00.4-1.24c0-.54-.19-1-.57-1.37a3.66 3.66 0 00-1.7-.85l-1.12-.3a2.64 2.64 0 01-.99-.42.83.83 0 01-.33-.68c0-.3.16-.55.47-.75.32-.2.69-.3 1.1-.3.88 0 1.49.35 1.83 1.03l1.12-.51c-.22-.52-.6-.93-1.13-1.22a3.66 3.66 0 00-1.8-.44c-.5 0-.98.1-1.43.28-.44.18-.8.43-1.06.77s-.4.73-.4 1.17c0 .57.2 1.03.6 1.4.38.36.88.61 1.5.76l.93.24c.58.14 1 .31 1.28.5.27.2.4.46.4.78 0 .36-.16.64-.5.84-.35.2-.76.29-1.24.29a2.2 2.2 0 01-1.24-.38 2.3 2.3 0 01-.85-1.06l-1.15.5c.23.6.63 1.1 1.18 1.49.55.39 1.24.58 2.06.58zM69.5 17c.95 0 1.7.41 2.09.88h.06v-.64h1.66v7.1c0 2.92-1.72 4.12-3.76 4.12a3.77 3.77 0 01-3.51-2.34l1.5-.63c.28.64.93 1.4 2 1.4 1.3 0 2.1-.8 2.1-2.32V24h-.05c-.39.48-1.14.9-2.09.9a3.93 3.93 0 01-3.8-3.94 3.93 3.93 0 013.8-3.97zm-17.15.1a3.9 3.9 0 013.97 3.96 3.9 3.9 0 01-3.97 3.96 3.9 3.9 0 01-3.97-3.96 3.9 3.9 0 013.97-3.95zm8.66 0a3.9 3.9 0 013.97 3.96 3.9 3.9 0 01-3.97 3.96 3.9 3.9 0 01-3.97-3.96 3.9 3.9 0 013.97-3.95zm19.8 0c2.04 0 3.05 1.63 3.38 2.52l.18.45-5.3 2.19c.41.78 1.03 1.19 1.92 1.19.9 0 1.5-.43 1.96-1.09l1.35.9a3.96 3.96 0 01-3.3 1.76 3.87 3.87 0 01-3.93-3.96c0-2.35 1.7-3.95 3.74-3.95zm-38.72-4.44c1.87 0 3.2.74 4.21 1.7l-1.2 1.18a4.4 4.4 0 00-7.43 3.25 4.4 4.4 0 004.42 4.46c1.6 0 2.51-.64 3.1-1.23.48-.48.8-1.17.91-2.1H42.1v-1.68h5.65c.06.3.1.66.1 1.06a5.5 5.5 0 01-1.45 3.92 5.66 5.66 0 01-4.3 1.72 6.22 6.22 0 01-6.25-6.14c0-3.39 2.85-6.14 6.25-6.14zm34.14.47v11.62h-1.74V13.13h1.74zm-23.88 5.52c-1.21 0-2.24.97-2.24 2.4 0 1.42 1.04 2.4 2.24 2.4 1.2 0 2.23-.98 2.23-2.4 0-1.43-1.04-2.4-2.23-2.4zm8.66 0c-1.2 0-2.23.97-2.23 2.4 0 1.42 1.04 2.4 2.23 2.4 1.2 0 2.24-.98 2.24-2.4 0-1.43-1.03-2.4-2.24-2.4zm8.65-.1c-1.2 0-2.2 1.02-2.2 2.4 0 1.39 1 2.4 2.2 2.4 1.18 0 2.12-1 2.1-2.4 0-1.38-.92-2.4-2.1-2.4zm11.2.08c-.89 0-2.12.78-2.07 2.3l3.54-1.46c-.19-.5-.78-.84-1.47-.84zM41.06 8.81v-.83h-3.65V1.11h-1.02v7.7h4.67zm1.86-6.68c.2 0 .34-.06.44-.16.1-.1.14-.24.14-.4 0-.16-.05-.3-.14-.4-.1-.11-.25-.17-.44-.17s-.33.06-.43.17c-.1.1-.15.24-.15.4 0 .16.05.3.15.4.1.1.24.16.43.16zm.48 6.68V3.1h-.98V8.8h.98zm3.95.1c.65 0 1.18-.15 1.6-.46.4-.3.6-.71.6-1.23 0-.3-.07-.56-.21-.78-.15-.2-.38-.4-.68-.54-.3-.15-.7-.29-1.19-.4-.49-.1-.82-.22-1.01-.34a.6.6 0 01-.28-.53c0-.25.1-.46.3-.61.2-.16.48-.23.84-.23.34 0 .63.1.86.29.22.2.34.42.34.69h.98c0-.52-.2-.95-.6-1.28a2.4 2.4 0 00-1.58-.5c-.62 0-1.13.15-1.53.48-.4.32-.6.72-.6 1.19 0 .28.08.52.22.73.14.2.35.38.64.53.3.15.69.27 1.18.38.5.1.85.23 1.05.38.2.14.3.35.3.61 0 .25-.12.45-.34.6-.22.15-.52.23-.9.23-.4 0-.72-.1-.96-.29-.25-.2-.38-.45-.4-.78H45c0 .34.1.65.3.94.2.3.48.52.83.68.35.17.76.25 1.22.25zm5.42 0c.25 0 .5-.03.76-.1v-.8c-.2.05-.36.07-.47.07-.23 0-.4-.06-.49-.17-.1-.12-.14-.29-.14-.52V3.84h1.07V3.1h-1.07V1.7h-.98V3.1h-1.04v.75h1.04V7.4c0 .49.11.87.33 1.13.23.26.56.4 1 .4zm4.52 0a2.4 2.4 0 002.16-1.1l-.6-.46a2.2 2.2 0 01-.63.56 1.7 1.7 0 01-.88.2c-.48 0-.88-.17-1.2-.51-.32-.35-.48-.8-.5-1.37h3.89v-.4c0-.92-.21-1.62-.62-2.11-.42-.5-1-.74-1.74-.74-.46 0-.88.13-1.27.38s-.7.6-.9 1.05c-.23.44-.33.95-.33 1.52v.18c0 .85.24 1.53.73 2.04.48.51 1.12.77 1.9.77zm1.26-3.48h-2.87c.06-.52.23-.92.5-1.21.26-.29.6-.43.99-.43.4 0 .73.13.97.4.24.28.38.66.4 1.16v.08zM61.9 8.8V4.73c.13-.27.32-.5.56-.66.24-.17.52-.26.84-.26.39 0 .68.1.86.3.19.2.28.5.28.91v3.8h.98v-3.8c0-1.35-.62-2.04-1.83-2.04-.7 0-1.27.28-1.71.83l-.03-.72h-.93V8.8h.98zm10.58.1c.51 0 .97-.12 1.37-.36.4-.25.7-.6.91-1.04.22-.44.32-.94.32-1.5v-.07c0-.9-.24-1.6-.72-2.15a2.42 2.42 0 00-1.9-.8c-.5 0-.95.11-1.34.36-.4.24-.7.59-.92 1.03-.22.45-.33.96-.33 1.52v.07c0 .88.24 1.6.72 2.14s1.11.8 1.89.8zm0-.8c-.5 0-.9-.18-1.19-.57-.29-.38-.44-.9-.44-1.53 0-.71.15-1.26.45-1.65.3-.38.68-.57 1.17-.57.5 0 .89.2 1.19.58.3.4.44.9.44 1.53 0 .7-.14 1.24-.44 1.63-.29.4-.68.59-1.18.59zm5.08.7V4.73c.13-.27.32-.5.56-.66.24-.17.52-.26.84-.26.39 0 .68.1.86.3.19.2.28.5.29.91v3.8h.98v-3.8c-.01-1.35-.62-2.04-1.84-2.04-.7 0-1.27.28-1.71.83l-.03-.72h-.93V8.8h.98z"
        fill="#B8C4C2"
      />
    </svg>
  </a>
  <a
    aria-label="spotify-podcasts"
    class="e1yciuf90 e1lzeyoj2 css-1vu42f7-StyledLink-linkStyling-AsLink-StyledButton-tertiaryStyles-StyledButton eygprlc0"
    href="https://open.spotify.com/show/0ibUtrJG4JVgwfvB2MXMSb?si=k1oOQ8JcSr6WtfeSMQ-kFA&nd=1"
    rel="noreferrer noopener"
    target="_blank"
  >
    <svg
      fill="none"
      height="34px"
      width="88px"
    >
      <title>
        Spotify podcasts
      </title>
      <path
        d="M35.94 9v-.84h-3.42V1.94h-.94V9h4.36zM37.58 2.86v-.92h-.77v.92h.77zm0 6.14V4.29h-.77V9h.77zM38.5 7.48c.15.92.68 1.67 2.2 1.67 1.12 0 1.97-.59 1.97-1.49 0-.86-.7-1.16-1.57-1.37l-.46-.11c-.72-.17-1.14-.33-1.14-.74 0-.3.28-.69.93-.69.68 0 1.07.34 1.19.6.05.11.06.21.07.44l.86-.1c-.02-.14-.06-.43-.25-.72-.23-.34-.77-.83-1.76-.83-.85 0-1.83.37-1.83 1.4 0 .66.39 1.12 1.68 1.37l.46.09c.43.08.98.18.98.75 0 .67-.7.79-1.1.79-.38 0-.77-.05-1.05-.36-.23-.25-.26-.52-.26-.83l-.91.13zM44.72 4.95h.85v-.66h-.85V2.8h-.82v1.49h-.76v.66h.76v3.28c0 .54.13.85.91.85.31 0 .7-.07.76-.08v-.66c-.22.08-.4.11-.5.11-.25 0-.35-.13-.35-.47V4.95zM47.15 6.79h3.58v-.13c0-1.83-1.13-2.52-2.16-2.52-.98 0-2.28.67-2.28 2.46 0 1.86 1.15 2.55 2.31 2.55a2.15 2.15 0 002.13-1.59l-.8-.11c-.1.43-.42 1.1-1.25 1.1-1.13 0-1.53-.97-1.53-1.7v-.06zm.02-.58c.07-.75.5-1.45 1.34-1.45.8 0 1.35.67 1.35 1.45h-2.69zM55.67 9V6.02c0-.44-.02-.85-.3-1.23a1.69 1.69 0 00-1.33-.65c-.81 0-1.28.49-1.48.84v-.69h-.8V9h.8V6.21c0-.84.59-1.32 1.25-1.32.55 0 1.07.29 1.07 1.02V9h.79zM59.45 6.65c0 1.62.99 2.5 2.3 2.5 1.27 0 2.32-.86 2.32-2.55s-1.14-2.46-2.24-2.46c-2.04 0-2.38 1.75-2.38 2.51zm.87.04c0-.3 0-1.91 1.5-1.91 1.07 0 1.39.95 1.39 1.76 0 1.22-.5 1.97-1.46 1.97-1.26 0-1.43-1.26-1.43-1.82zM69.02 9V6.02c0-.44-.02-.85-.3-1.23a1.69 1.69 0 00-1.33-.65c-.81 0-1.28.49-1.48.84v-.69h-.8V9h.8V6.21c0-.84.59-1.32 1.25-1.32.55 0 1.07.29 1.07 1.02V9h.79z"
        fill="#B8C4C2"
      />
      <path
        clip-rule="evenodd"
        d="M21.04 19.46c-4.21-2.5-11.16-2.73-15.18-1.51a1.22 1.22 0 11-.7-2.34c4.6-1.4 12.28-1.13 17.13 1.75a1.22 1.22 0 01-1.25 2.1zm-.14 3.7c-.3.48-.92.63-1.4.34C16 21.34 10.64 20.7 6.5 21.97a1.02 1.02 0 01-.6-1.95c4.75-1.43 10.64-.74 14.68 1.74.47.3.63.92.33 1.4zm-1.6 3.56a.81.81 0 01-1.12.27c-3.06-1.88-6.92-2.3-11.47-1.26a.81.81 0 11-.36-1.59c4.97-1.14 9.24-.65 12.68 1.46.39.23.5.73.27 1.12zM13.31 7.88a13.06 13.06 0 100 26.12 13.06 13.06 0 000-26.12zM35.79 19.94c-2.26-.54-2.66-.92-2.66-1.71 0-.75.7-1.26 1.76-1.26 1.01 0 2.02.39 3.08 1.18a.15.15 0 00.2-.04l1.1-1.55a.15.15 0 00-.02-.2 6.66 6.66 0 00-4.33-1.5c-2.44 0-4.14 1.46-4.14 3.55 0 2.24 1.47 3.04 4 3.65 2.16.5 2.53.91 2.53 1.66 0 .82-.74 1.34-1.92 1.34a5.18 5.18 0 01-3.6-1.49.16.16 0 00-.1-.03.15.15 0 00-.1.05l-1.24 1.47a.15.15 0 00.01.2 7.36 7.36 0 004.98 1.9c2.62 0 4.32-1.42 4.32-3.64 0-1.88-1.12-2.92-3.87-3.58zM47.5 22.45c0 1.58-.98 2.69-2.38 2.69-1.38 0-2.42-1.16-2.42-2.7 0-1.52 1.04-2.68 2.42-2.68s2.38 1.13 2.38 2.69zm-1.9-4.74c-1.15 0-2.08.45-2.85 1.37v-1.04a.15.15 0 00-.15-.14H40.6a.15.15 0 00-.15.14v11.48c0 .09.06.15.15.15h2.01c.09 0 .15-.06.15-.15V25.9c.77.86 1.7 1.29 2.84 1.29 2.12 0 4.25-1.63 4.25-4.74 0-3.11-2.13-4.74-4.25-4.74zM55.33 25.15c-1.45 0-2.54-1.16-2.54-2.7 0-1.55 1.05-2.67 2.5-2.67 1.46 0 2.56 1.16 2.56 2.7 0 1.55-1.06 2.67-2.52 2.67zm0-7.44a4.76 4.76 0 00-4.86 4.77 4.72 4.72 0 004.83 4.72 4.74 4.74 0 10.03-9.5zM65.98 17.9h-2.23v-2.28a.15.15 0 00-.14-.14h-2.02a.15.15 0 00-.15.14v2.28h-.97a.15.15 0 00-.15.14v1.74c0 .08.07.15.15.15h.97v4.49c0 1.81.9 2.73 2.68 2.73.73 0 1.33-.15 1.9-.47a.15.15 0 00.07-.13V24.9a.15.15 0 00-.21-.13c-.4.2-.77.28-1.19.28-.65 0-.94-.29-.94-.95v-4.17h2.23c.08 0 .14-.07.14-.15v-1.74a.15.15 0 00-.14-.14zM73.72 17.9v-.27c0-.82.31-1.2 1.02-1.2.42 0 .76.1 1.14.22a.15.15 0 00.2-.14v-1.7a.15.15 0 00-.11-.15c-.4-.11-.91-.24-1.68-.24-1.87 0-2.85 1.05-2.85 3.04v.43h-.97a.15.15 0 00-.15.15v1.74c0 .08.07.15.15.15h.97v6.92c0 .09.06.15.14.15h2.02c.09 0 .15-.06.15-.15v-6.92h1.89l2.89 6.92c-.33.73-.65.87-1.1.87-.35 0-.73-.1-1.1-.31a.15.15 0 00-.13-.01.15.15 0 00-.08.08l-.69 1.5c-.03.07 0 .15.07.2.71.38 1.36.54 2.15.54 1.5 0 2.32-.7 3.04-2.56l3.5-9.05a.15.15 0 00-.13-.2h-2.1a.15.15 0 00-.14.1l-2.15 6.15L77.3 18a.15.15 0 00-.14-.1h-3.45zM69.23 17.9h-2.02a.15.15 0 00-.15.14v8.81c0 .09.07.15.15.15h2.02c.08 0 .15-.06.15-.15v-8.8a.15.15 0 00-.15-.15zM68.23 13.88a1.45 1.45 0 100 2.9 1.45 1.45 0 000-2.9zM86 18.77h-.37v.47H86c.19 0 .3-.09.3-.23 0-.16-.11-.24-.3-.24zm.24.68l.4.56h-.33l-.36-.52h-.32v.52h-.28v-1.5h.67c.34 0 .57.18.57.48 0 .25-.14.4-.35.46zm-.31-1.43c-.73 0-1.28.58-1.28 1.29 0 .7.55 1.28 1.27 1.28.73 0 1.28-.58 1.28-1.3 0-.7-.55-1.27-1.27-1.27zm0 2.7c-.8 0-1.43-.63-1.43-1.41 0-.78.63-1.43 1.43-1.43.8 0 1.42.64 1.42 1.42 0 .78-.63 1.43-1.43 1.43z"
        fill="#B8C4C2"
        fill-rule="evenodd"
      />
    </svg>
  </a>
  <a
    aria-label="apple-podcasts"
    class="e1yciuf90 e1lzeyoj2 css-1vu42f7-StyledLink-linkStyling-AsLink-StyledButton-tertiaryStyles-StyledButton eygprlc0"
    href="https://podcasts.apple.com/us/podcast/the-mongodb-podcast/id1500452446"
    rel="noreferrer noopener"
    target="_blank"
  >
    <svg
      fill="none"
      height="25"
      width="139"
    >
      <title>
        Apple podcasts
      </title>
      <path
        d="M32.5 7.04H29V1.38h.87v4.85h2.63v.81zM33.51 1.51c0-.3.23-.52.54-.52.31 0 .54.23.54.52 0 .29-.23.51-.54.51-.3 0-.54-.22-.54-.51zm.13 1.26h.83v4.27h-.83V2.77zM37.37 2.69c.95 0 1.57.45 1.65 1.2h-.8c-.08-.31-.38-.51-.85-.51s-.83.22-.83.55c0 .26.22.42.68.52l.7.17c.8.19 1.19.54 1.19 1.16 0 .8-.75 1.34-1.76 1.34-1 0-1.67-.45-1.74-1.21h.84c.1.33.41.53.92.53.52 0 .9-.23.9-.57 0-.26-.2-.42-.63-.52l-.74-.18c-.8-.19-1.18-.56-1.18-1.19 0-.76.69-1.29 1.65-1.29zM41.33 1.71v1.08h.92v.71h-.92v2.2c0 .44.18.64.6.64.13 0 .2 0 .32-.02v.7c-.14.03-.3.05-.46.05-.93 0-1.3-.33-1.3-1.16v-2.4h-.67v-.72h.67V1.71h.84zM46.89 5.89c-.2.76-.87 1.23-1.84 1.23-1.21 0-1.96-.83-1.96-2.2 0-1.36.76-2.23 1.96-2.23 1.18 0 1.89.81 1.89 2.15v.3h-3v.04c.03.75.46 1.23 1.13 1.23.51 0 .86-.19 1.01-.52h.8zm-2.95-1.38h2.15c-.02-.67-.43-1.1-1.05-1.1-.62 0-1.05.44-1.1 1.1zM48.06 2.77h.8v.68h.07c.2-.47.62-.76 1.26-.76.95 0 1.47.57 1.47 1.59v2.76h-.84V4.5c0-.69-.3-1.03-.91-1.03-.62 0-1.02.42-1.02 1.08v2.5h-.83V2.77zM55.04 4.9c0-1.37.76-2.21 2-2.21 1.23 0 2 .84 2 2.22 0 1.38-.77 2.21-2 2.21-1.25 0-2-.83-2-2.21zm3.13 0c0-.92-.41-1.46-1.13-1.46-.73 0-1.14.54-1.14 1.47 0 .93.4 1.47 1.14 1.47.72 0 1.13-.55 1.13-1.47zM60.15 2.77h.8v.68h.07c.2-.47.63-.76 1.27-.76.94 0 1.46.57 1.46 1.59v2.76h-.83V4.5c0-.69-.3-1.03-.92-1.03-.62 0-1.01.42-1.01 1.08v2.5h-.84V2.77zM35.78 19.07H31.4l-1.05 3.13h-1.86l4.16-11.6h1.93l4.16 11.6h-1.9l-1.05-3.13zm-3.93-1.45h3.48l-1.72-5.1h-.05l-1.71 5.1zM47.71 17.97c0 2.63-1.4 4.32-3.5 4.32-1.2 0-2.15-.54-2.65-1.48h-.04V25H39.8V13.74h1.67v1.4h.03c.48-.9 1.5-1.49 2.68-1.49 2.13 0 3.53 1.7 3.53 4.32zm-1.77 0c0-1.71-.88-2.84-2.22-2.84-1.32 0-2.2 1.15-2.2 2.84 0 1.7.88 2.85 2.2 2.85 1.34 0 2.22-1.12 2.22-2.85zM56.96 17.97c0 2.63-1.4 4.32-3.5 4.32-1.2 0-2.16-.54-2.65-1.48h-.04V25h-1.72V13.74h1.66v1.4h.04c.48-.9 1.5-1.49 2.67-1.49 2.13 0 3.54 1.7 3.54 4.32zm-1.77 0c0-1.71-.88-2.84-2.22-2.84-1.32 0-2.2 1.15-2.2 2.84 0 1.7.88 2.85 2.2 2.85 1.34 0 2.22-1.12 2.22-2.85zM58.35 10.6h1.73v11.6h-1.73V10.6zM69.06 19.72c-.24 1.53-1.72 2.59-3.62 2.59-2.44 0-3.96-1.65-3.96-4.3s1.52-4.37 3.89-4.37c2.32 0 3.78 1.6 3.78 4.17v.6h-5.93v.1c0 1.45.9 2.4 2.26 2.4.96 0 1.7-.46 1.94-1.2h1.64zm-5.83-2.53h4.2c-.04-1.3-.87-2.15-2.06-2.15-1.2 0-2.06.87-2.14 2.15zM78.33 10.6c2.24 0 3.8 1.55 3.8 3.8a3.67 3.67 0 01-3.85 3.84H75.8v3.96h-1.78V10.6h4.31zm-2.53 6.13h2.06c1.55 0 2.44-.85 2.44-2.31 0-1.47-.89-2.3-2.44-2.3H75.8v4.6zM82.76 17.97c0-2.66 1.55-4.33 3.98-4.33 2.44 0 3.99 1.67 3.99 4.33 0 2.67-1.55 4.34-3.99 4.34-2.44 0-3.98-1.67-3.98-4.34zm6.2 0c0-1.82-.82-2.9-2.22-2.9-1.4 0-2.23 1.08-2.23 2.9 0 1.84.83 2.9 2.23 2.9s2.23-1.06 2.23-2.9zM91.94 17.97c0-2.61 1.42-4.32 3.5-4.32 1.21 0 2.16.57 2.64 1.5h.04V10.6h1.73v11.6h-1.68v-1.44h-.03a2.86 2.86 0 01-2.68 1.53c-2.1 0-3.52-1.7-3.52-4.32zm1.76 0c0 1.74.88 2.85 2.22 2.85 1.33 0 2.21-1.13 2.21-2.85 0-1.7-.88-2.84-2.21-2.84-1.34 0-2.22 1.12-2.22 2.84zM107.19 16.65c-.16-.89-.85-1.56-1.98-1.56-1.33 0-2.2 1.12-2.2 2.88 0 1.8.88 2.89 2.21 2.89 1.07 0 1.77-.54 1.97-1.52h1.66c-.2 1.78-1.6 2.97-3.64 2.97-2.4 0-3.96-1.65-3.96-4.34 0-2.63 1.56-4.33 3.94-4.33 2.16 0 3.5 1.36 3.64 3.01h-1.64zM109.9 19.8c0-1.48 1.13-2.38 3.12-2.5l2.3-.12v-.65c0-.94-.61-1.47-1.66-1.47-.95 0-1.63.46-1.76 1.2h-1.61c.04-1.54 1.46-2.62 3.42-2.62 2 0 3.33 1.1 3.33 2.76v5.8h-1.65v-1.39h-.04a3 3 0 01-2.65 1.54c-1.65 0-2.8-1.03-2.8-2.55zm5.42-.77v-.65l-2.06.13c-1.04.07-1.62.52-1.62 1.24 0 .74.61 1.22 1.54 1.22 1.2 0 2.14-.84 2.14-1.94zM121.85 13.65c1.86 0 3.2 1.03 3.24 2.53h-1.63c-.07-.75-.7-1.2-1.65-1.2-.94 0-1.56.43-1.56 1.09 0 .5.41.84 1.28 1.06l1.42.33c1.69.4 2.33 1.03 2.33 2.27 0 1.53-1.44 2.58-3.5 2.58-1.97 0-3.3-1.03-3.43-2.57h1.7c.13.81.77 1.25 1.82 1.25 1.03 0 1.68-.43 1.68-1.1 0-.53-.32-.8-1.2-1.03l-1.5-.37c-1.52-.37-2.29-1.15-2.29-2.33 0-1.5 1.34-2.51 3.3-2.51zM129.03 11.74v2h1.6v1.38h-1.6v4.66c0 .72.31 1.06 1.02 1.06.17 0 .45-.02.56-.04v1.37c-.19.05-.57.08-.95.08-1.7 0-2.37-.64-2.37-2.28v-4.85h-1.22v-1.38h1.22v-2h1.73zM135.26 13.65c1.86 0 3.2 1.03 3.23 2.53h-1.62c-.07-.75-.7-1.2-1.66-1.2-.93 0-1.56.43-1.56 1.09 0 .5.42.84 1.29 1.06l1.41.33c1.7.4 2.33 1.03 2.33 2.27 0 1.53-1.43 2.58-3.49 2.58-1.98 0-3.3-1.03-3.44-2.57h1.71c.12.81.77 1.25 1.81 1.25 1.03 0 1.68-.43 1.68-1.1 0-.53-.32-.8-1.2-1.03l-1.5-.37c-1.51-.37-2.28-1.15-2.28-2.33 0-1.5 1.33-2.51 3.29-2.51zM23.23 20.38a4.97 4.97 0 01-3.13 2.83c-.75.23-1.68.3-2.82.3H6.77a10.1 10.1 0 01-2.82-.3A4.88 4.88 0 01.8 20.38a9.28 9.28 0 01-.46-3.33V6.47c0-.84 0-2.17.46-3.34A4.97 4.97 0 013.95.3C4.7.08 5.62 0 6.77 0h10.5c1.15 0 2.08.08 2.83.3a4.88 4.88 0 013.13 2.83c.46 1.17.47 2.5.47 3.34v10.58c0 .83 0 2.16-.47 3.33zm-9.51-6.87a2.33 2.33 0 00-1.7-.6c-.72 0-1.34.23-1.69.6-.18.2-.28.4-.3.68-.07.55-.03 1.02.03 1.78.06.72.18 1.68.33 2.66.1.7.2 1.07.27 1.34.13.44.61.82 1.36.82.76 0 1.24-.38 1.37-.82.08-.27.16-.64.27-1.34.15-.98.27-1.94.33-2.66.06-.76.1-1.23.04-1.78a1.08 1.08 0 00-.31-.68zm-3.6-3.31c0 1.06.85 1.92 1.9 1.92a1.92 1.92 0 000-3.85c-1.05 0-1.9.87-1.9 1.93zM12 2.6a8.28 8.28 0 00-2.7 16.07c.09.03.17-.03.15-.11l-.11-.85a.28.28 0 00-.17-.22 7.22 7.22 0 012.8-13.83 7.22 7.22 0 012.92 13.82.28.28 0 00-.17.23l-.12.85c-.01.08.06.14.14.12A8.28 8.28 0 0012 2.6zm-.15 3.8a4.47 4.47 0 013.22 7.74.34.34 0 00-.1.27c.01.31 0 .6-.01.95 0 .09.1.14.16.1a5.55 5.55 0 00-3.3-10.12 5.54 5.54 0 00-2.88 10.11.1.1 0 00.16-.1 7.98 7.98 0 010-.94c0-.1-.04-.2-.11-.27a4.48 4.48 0 012.86-7.74z"
        fill="#B8C4C2"
      />
    </svg>
  </a>
</div>
`;
