// Jest Snapshot v1, https://goo.gl/fbAQLP

exports[`renders correctly 1`] = `
<a
  class="reference css-5b30hw-StyledLink eygprlc0"
  href="https://docs.mlab.com/subscriptions/#change-plans-using-rnr"
  rel="noreferrer noopener"
  target="_blank"
>
  mLab documentation
</a>
`;
