// Jest Snapshot v1, https://goo.gl/fbAQLP

exports[`renders correctly 1`] = `
<strong>
  <ComponentFactory
    key="0"
    nodeData={
      Object {
        "position": Object {
          "start": Object {
            "line": 0,
          },
        },
        "type": "text",
        "value": "first",
      }
    }
  />
</strong>
`;
